B C D E F G H I J K L M N O P Q R S T U V W X Y Z A
K M F L G D Q V Z N T O W Y H X U S P A I B R C J E
H I J K L M N O P Q R S T U V W X Y Z A B C D E F G
U X B L H W T M C Q G Z N P Y F V O E A J D K S I R
Q R S T U V W X Y Z A B C D E F G H I J K L M N O P
I W G A K M U S Q O B D F H J L C P R T X V Z N Y E